Artemis Data Build Log
======================

Started  2026-10-01T11:24:58.239Z
Command  build
  workers        8
  raster         no
  force          yes
  source         .build-cache/zenodo-source/21295519/Source
  zenodo record  21295519
IIIF: GereduceerdeKadaster
--------------------------
  manifests           103
  canvases            222
  sprites             222
  analysis warnings   0
  analysis fixes      0
  simplified masks    0
  mask points before  0
  mask points after   0
  geomaps             build/Layers/GereduceerdeKadaster/geomaps.json
  iiif:GereduceerdeKadaster duration  1m 9.3s

IIIF: PrimitiefKadaster
-----------------------
  manifests           190
  canvases            502
  sprites             502
  analysis warnings   16
  analysis fixes      35
  simplified masks    34
  mask points before  5193
  mask points after   4131
  warning details     build/IIIFWarnings.log
  geomaps             build/Layers/PrimitiefKadaster/geomaps.json
  iiif:PrimitiefKadaster duration  1m 36.9s

IIIF: PrimitiefKadaster-verzamelbladen
--------------------------------------
  manifests           31
  canvases            37
  sprites             37
  analysis warnings   0
  analysis fixes      1
  simplified masks    1
  mask points before  448
  mask points after   344
  warning details     build/IIIFWarnings.log
  geomaps             build/Layers/PrimitiefKadaster-verzamelbladen/geomaps.json
  iiif:PrimitiefKadaster-verzamelbladen duration  12.58s

IIIF Summary
------------
  layers              3
  manifests           324
  canvases            761
  sprites             761
  analysis warnings   16
  analysis fixes      36
  simplified masks    35
  mask points before  5641
  mask points after   4475
  warning details     build/IIIFWarnings.log
  iiif duration  3m 0.4s

Toponyms: Ferraris
------------------
  source files  411
  items         21079
  output        build/Layers/Ferraris/toponyms.json
  toponyms:Ferraris duration  973ms
  toponyms:Frickx duration  0ms

Toponyms: GereduceerdeKadaster
------------------------------
  source files  1
  items         3537
  output        build/Layers/GereduceerdeKadaster/toponyms.json
  toponyms:GereduceerdeKadaster duration  29ms
  toponyms:NGI1873 duration  0ms
  toponyms:NGI1904 duration  0ms
  toponyms:Popp duration  0ms

Toponyms: PrimitiefKadaster
---------------------------
  source files  68
  items         2514
  output        build/Layers/PrimitiefKadaster/toponyms.json
  toponyms:PrimitiefKadaster duration  210ms
  toponyms:Vandermaelen duration  0ms
  toponyms:Villaret duration  0ms

Toponyms Summary
----------------
  layers  3
  items   27130
  toponyms duration  1.22s

Parcels: PrimitiefKadaster-parcels
----------------------------------
  layer         PrimitiefKadaster
  sublayer      PrimitiefKadaster-parcels
  source        parcels/*.geojson
  source files  39
  polygons      8538
  output        build/Layers/PrimitiefKadaster/parcels.pmtiles

Douglas-Peucker: PrimitiefKadaster-parcels
------------------------------------------
  layer                       PrimitiefKadaster
  sublayer                    PrimitiefKadaster-parcels
  epsilon                     5
  input points                282874
  output points               90998
  removed points              191876
  rings simplified            8529
  features simplified         8529
  pixel reference rings       8538
  coordinate reference rings  0
  parcels:PrimitiefKadaster-parcels duration  4.23s

Parcels Summary
---------------
  layers          1
  polygons        8538
  input points    282874
  output points   90998
  removed points  191876
  parcels duration  4.23s
  imagecollection:Massart duration  10.72s

Image Collection: Massart
-------------------------
  items                  60
  with coordinates       60
  navPlace coordinates   0
  paired coordinates     60
  with year              60
  missing identifiers    0
  duplicate identifiers  0
  index                  build/Image collections/Massart/Massart_index.json
  sprites                build/Image collections/Massart/Massart_sprites.webp

Image Collections Summary
-------------------------
  collections       1
  items             60
  with coordinates  60
  output            build/imagecollection.yaml
  imagecollections duration  10.73s

Baselayer
---------
  water   .build-cache/zenodo-source/21295519/Source/Baselayer_Water.geojson
  border  .build-cache/zenodo-source/21295519/Source/Baselayer_Border.geojson
  output  build/baselayer.pmtiles
  baselayer duration  9.34s

Layers
------
  layers              9
  sublayers           16
  downloads resolved  7
  output              build/layers.yaml
  layers duration  20.75s

Map services
------------
  map-services.yaml published  yes
  mapservices duration  1ms
